This is pdfTeX, Version 3.14159265-2.6-1.40.20 (MiKTeX 2.9.7140 64-bit) (preloaded format=pdflatex 2019.11.7)  2 DEC 2019 04:17
entering extended mode
**./presentation.tex
(presentation.tex
LaTeX2e <2018-12-01>
(C:\latex\tex/latex/beamer\beamer.cls
Document Class: beamer 2019/07/23 v3.56 A class for typesetting presentations
(C:\latex\tex/latex/beamer\beamerbasemodes.sty
(C:\latex\tex/latex/etoolbox\etoolbox.sty
Package: etoolbox 2018/08/19 v2.5f e-TeX tools for LaTeX (JAW)
\etb@tempcnta=\count80
)
\beamer@tempbox=\box27
\beamer@tempcount=\count81
\c@beamerpauses=\count82

(C:\latex\tex/latex/beamer\beamerbasedecode.sty
\beamer@slideinframe=\count83
\beamer@minimum=\count84
\beamer@decode@box=\box28
)
\beamer@commentbox=\box29
\beamer@modecount=\count85
)
(C:\latex\tex/generic/oberdiek\ifpdf.sty
Package: ifpdf 2018/09/07 v3.3 Provides the ifpdf switch
)
\headdp=\dimen102
\footheight=\dimen103
\sidebarheight=\dimen104
\beamer@tempdim=\dimen105
\beamer@finalheight=\dimen106
\beamer@animht=\dimen107
\beamer@animdp=\dimen108
\beamer@animwd=\dimen109
\beamer@leftmargin=\dimen110
\beamer@rightmargin=\dimen111
\beamer@leftsidebar=\dimen112
\beamer@rightsidebar=\dimen113
\beamer@boxsize=\dimen114
\beamer@vboxoffset=\dimen115
\beamer@descdefault=\dimen116
\beamer@descriptionwidth=\dimen117
\beamer@lastskip=\skip41
\beamer@areabox=\box30
\beamer@animcurrent=\box31
\beamer@animshowbox=\box32
\beamer@sectionbox=\box33
\beamer@logobox=\box34
\beamer@linebox=\box35
\beamer@sectioncount=\count86
\beamer@subsubsectionmax=\count87
\beamer@subsectionmax=\count88
\beamer@sectionmax=\count89
\beamer@totalheads=\count90
\beamer@headcounter=\count91
\beamer@partstartpage=\count92
\beamer@sectionstartpage=\count93
\beamer@subsectionstartpage=\count94
\beamer@animationtempa=\count95
\beamer@animationtempb=\count96
\beamer@xpos=\count97
\beamer@ypos=\count98
\beamer@ypos@offset=\count99
\beamer@showpartnumber=\count100
\beamer@currentsubsection=\count101
\beamer@coveringdepth=\count102
\beamer@sectionadjust=\count103
\beamer@tocsectionnumber=\count104

(C:\latex\tex/latex/beamer\beamerbaseoptions.sty
(C:\latex\tex/latex/graphics\keyval.sty
Package: keyval 2014/10/28 v1.15 key=value parser (DPC)
\KV@toks@=\toks14
))
\beamer@paperwidth=\skip42
\beamer@paperheight=\skip43

(C:\latex\tex/latex/geometry\geometry.sty
Package: geometry 2018/04/16 v5.8 Page Geometry

(C:\latex\tex/generic/oberdiek\ifvtex.sty
Package: ifvtex 2016/05/16 v1.6 Detect VTeX and its facilities (HO)
Package ifvtex Info: VTeX not detected.
)
(C:\latex\tex/generic/ifxetex\ifxetex.sty
Package: ifxetex 2010/09/12 v0.6 Provides ifxetex conditional
)
\Gm@cnth=\count105
\Gm@cntv=\count106
\c@Gm@tempcnt=\count107
\Gm@bindingoffset=\dimen118
\Gm@wd@mp=\dimen119
\Gm@odd@mp=\dimen120
\Gm@even@mp=\dimen121
\Gm@layoutwidth=\dimen122
\Gm@layoutheight=\dimen123
\Gm@layouthoffset=\dimen124
\Gm@layoutvoffset=\dimen125
\Gm@dimlist=\toks15

(C:\latex\tex/latex/geometry\geometry.cfg)) (C:\latex\tex/latex/base\size11.clo
File: size11.clo 2018/09/03 v1.4i Standard LaTeX file (size option)
) (C:\latex\tex/latex/pgf/basiclayer\pgfcore.sty
(C:\latex\tex/latex/graphics\graphicx.sty
Package: graphicx 2017/06/01 v1.1a Enhanced LaTeX Graphics (DPC,SPQR)

(C:\latex\tex/latex/graphics\graphics.sty
Package: graphics 2017/06/25 v1.2c Standard LaTeX Graphics (DPC,SPQR)
 (C:\latex\tex/latex/graphics\trig.sty
Package: trig 2016/01/03 v1.10 sin cos tan (DPC)
) (C:\latex\tex/latex/graphics-cfg\graphics.cfg
File: graphics.cfg 2016/06/04 v1.11 sample graphics configuration
)
Package graphics Info: Driver file: pdftex.def on input line 99.

(C:\latex\tex/latex/graphics-def\pdftex.def
File: pdftex.def 2018/01/08 v1.0l Graphics/color driver for pdftex
))
\Gin@req@height=\dimen126
\Gin@req@width=\dimen127
)
(C:\latex\tex/latex/pgf/systemlayer\pgfsys.sty
(C:\latex\tex/latex/pgf/utilities\pgfrcs.sty
(C:\latex\tex/generic/pgf/utilities\pgfutil-common.tex
\pgfutil@everybye=\toks16
\pgfutil@tempdima=\dimen128
\pgfutil@tempdimb=\dimen129

(C:\latex\tex/generic/pgf/utilities\pgfutil-common-lists.tex))
(C:\latex\tex/generic/pgf/utilities\pgfutil-latex.def
\pgfutil@abb=\box36

(C:\latex\tex/latex/ms\everyshi.sty
Package: everyshi 2001/05/15 v3.00 EveryShipout Package (MS)
))
(C:\latex\tex/generic/pgf/utilities\pgfrcs.code.tex
(C:\latex\tex/generic/pgf\pgf.revision.tex)
Package: pgfrcs 2019/08/03 v3.1.4b (3.1.4b)
))
(C:\latex\tex/generic/pgf/systemlayer\pgfsys.code.tex
Package: pgfsys 2019/08/03 v3.1.4b (3.1.4b)

(C:\latex\tex/generic/pgf/utilities\pgfkeys.code.tex
\pgfkeys@pathtoks=\toks17
\pgfkeys@temptoks=\toks18

(C:\latex\tex/generic/pgf/utilities\pgfkeysfiltered.code.tex
\pgfkeys@tmptoks=\toks19
))
\pgf@x=\dimen130
\pgf@y=\dimen131
\pgf@xa=\dimen132
\pgf@ya=\dimen133
\pgf@xb=\dimen134
\pgf@yb=\dimen135
\pgf@xc=\dimen136
\pgf@yc=\dimen137
\pgf@xd=\dimen138
\pgf@yd=\dimen139
\w@pgf@writea=\write3
\r@pgf@reada=\read1
\c@pgf@counta=\count108
\c@pgf@countb=\count109
\c@pgf@countc=\count110
\c@pgf@countd=\count111
\t@pgf@toka=\toks20
\t@pgf@tokb=\toks21
\t@pgf@tokc=\toks22
\pgf@sys@id@count=\count112

(C:\latex\tex/generic/pgf/systemlayer\pgf.cfg
File: pgf.cfg 2019/08/03 v3.1.4b (3.1.4b)
)
Driver file for pgf: pgfsys-pdftex.def

(C:\latex\tex/generic/pgf/systemlayer\pgfsys-pdftex.def
File: pgfsys-pdftex.def 2019/08/03 v3.1.4b (3.1.4b)

(C:\latex\tex/generic/pgf/systemlayer\pgfsys-common-pdf.def
File: pgfsys-common-pdf.def 2019/08/03 v3.1.4b (3.1.4b)
)))
(C:\latex\tex/generic/pgf/systemlayer\pgfsyssoftpath.code.tex
File: pgfsyssoftpath.code.tex 2019/08/03 v3.1.4b (3.1.4b)
\pgfsyssoftpath@smallbuffer@items=\count113
\pgfsyssoftpath@bigbuffer@items=\count114
)
(C:\latex\tex/generic/pgf/systemlayer\pgfsysprotocol.code.tex
File: pgfsysprotocol.code.tex 2019/08/03 v3.1.4b (3.1.4b)
))
(C:\latex\tex/latex/xcolor\xcolor.sty
Package: xcolor 2016/05/11 v2.12 LaTeX color extensions (UK)

(C:\latex\tex/latex/graphics-cfg\color.cfg
File: color.cfg 2016/01/02 v1.6 sample color configuration
)
Package xcolor Info: Driver file: pdftex.def on input line 225.
Package xcolor Info: Model `cmy' substituted by `cmy0' on input line 1348.
Package xcolor Info: Model `hsb' substituted by `rgb' on input line 1352.
Package xcolor Info: Model `RGB' extended on input line 1364.
Package xcolor Info: Model `HTML' substituted by `rgb' on input line 1366.
Package xcolor Info: Model `Hsb' substituted by `hsb' on input line 1367.
Package xcolor Info: Model `tHsb' substituted by `hsb' on input line 1368.
Package xcolor Info: Model `HSB' substituted by `hsb' on input line 1369.
Package xcolor Info: Model `Gray' substituted by `gray' on input line 1370.
Package xcolor Info: Model `wave' substituted by `hsb' on input line 1371.
)
(C:\latex\tex/generic/pgf/basiclayer\pgfcore.code.tex
Package: pgfcore 2019/08/03 v3.1.4b (3.1.4b)

(C:\latex\tex/generic/pgf/math\pgfmath.code.tex
(C:\latex\tex/generic/pgf/math\pgfmathcalc.code.tex
(C:\latex\tex/generic/pgf/math\pgfmathutil.code.tex)
(C:\latex\tex/generic/pgf/math\pgfmathparser.code.tex
\pgfmath@dimen=\dimen140
\pgfmath@count=\count115
\pgfmath@box=\box37
\pgfmath@toks=\toks23
\pgfmath@stack@operand=\toks24
\pgfmath@stack@operation=\toks25
)
(C:\latex\tex/generic/pgf/math\pgfmathfunctions.code.tex
(C:\latex\tex/generic/pgf/math\pgfmathfunctions.basic.code.tex)
(C:\latex\tex/generic/pgf/math\pgfmathfunctions.trigonometric.code.tex)
(C:\latex\tex/generic/pgf/math\pgfmathfunctions.random.code.tex)
(C:\latex\tex/generic/pgf/math\pgfmathfunctions.comparison.code.tex)
(C:\latex\tex/generic/pgf/math\pgfmathfunctions.base.code.tex)
(C:\latex\tex/generic/pgf/math\pgfmathfunctions.round.code.tex)
(C:\latex\tex/generic/pgf/math\pgfmathfunctions.misc.code.tex)
(C:\latex\tex/generic/pgf/math\pgfmathfunctions.integerarithmetics.code.tex)))
(C:\latex\tex/generic/pgf/math\pgfmathfloat.code.tex
\c@pgfmathroundto@lastzeros=\count116
))
(C:\latex\tex/generic/pgf/math\pgfint.code.tex)
(C:\latex\tex/generic/pgf/basiclayer\pgfcorepoints.code.tex
File: pgfcorepoints.code.tex 2019/08/03 v3.1.4b (3.1.4b)
\pgf@picminx=\dimen141
\pgf@picmaxx=\dimen142
\pgf@picminy=\dimen143
\pgf@picmaxy=\dimen144
\pgf@pathminx=\dimen145
\pgf@pathmaxx=\dimen146
\pgf@pathminy=\dimen147
\pgf@pathmaxy=\dimen148
\pgf@xx=\dimen149
\pgf@xy=\dimen150
\pgf@yx=\dimen151
\pgf@yy=\dimen152
\pgf@zx=\dimen153
\pgf@zy=\dimen154
)
(C:\latex\tex/generic/pgf/basiclayer\pgfcorepathconstruct.code.tex
File: pgfcorepathconstruct.code.tex 2019/08/03 v3.1.4b (3.1.4b)
\pgf@path@lastx=\dimen155
\pgf@path@lasty=\dimen156
)
(C:\latex\tex/generic/pgf/basiclayer\pgfcorepathusage.code.tex
File: pgfcorepathusage.code.tex 2019/08/03 v3.1.4b (3.1.4b)
\pgf@shorten@end@additional=\dimen157
\pgf@shorten@start@additional=\dimen158
)
(C:\latex\tex/generic/pgf/basiclayer\pgfcorescopes.code.tex
File: pgfcorescopes.code.tex 2019/08/03 v3.1.4b (3.1.4b)
\pgfpic=\box38
\pgf@hbox=\box39
\pgf@layerbox@main=\box40
\pgf@picture@serial@count=\count117
)
(C:\latex\tex/generic/pgf/basiclayer\pgfcoregraphicstate.code.tex
File: pgfcoregraphicstate.code.tex 2019/08/03 v3.1.4b (3.1.4b)
\pgflinewidth=\dimen159
)
(C:\latex\tex/generic/pgf/basiclayer\pgfcoretransformations.code.tex
File: pgfcoretransformations.code.tex 2019/08/03 v3.1.4b (3.1.4b)
\pgf@pt@x=\dimen160
\pgf@pt@y=\dimen161
\pgf@pt@temp=\dimen162
)
(C:\latex\tex/generic/pgf/basiclayer\pgfcorequick.code.tex
File: pgfcorequick.code.tex 2019/08/03 v3.1.4b (3.1.4b)
)
(C:\latex\tex/generic/pgf/basiclayer\pgfcoreobjects.code.tex
File: pgfcoreobjects.code.tex 2019/08/03 v3.1.4b (3.1.4b)
)
(C:\latex\tex/generic/pgf/basiclayer\pgfcorepathprocessing.code.tex
File: pgfcorepathprocessing.code.tex 2019/08/03 v3.1.4b (3.1.4b)
)
(C:\latex\tex/generic/pgf/basiclayer\pgfcorearrows.code.tex
File: pgfcorearrows.code.tex 2019/08/03 v3.1.4b (3.1.4b)
\pgfarrowsep=\dimen163
)
(C:\latex\tex/generic/pgf/basiclayer\pgfcoreshade.code.tex
File: pgfcoreshade.code.tex 2019/08/03 v3.1.4b (3.1.4b)
\pgf@max=\dimen164
\pgf@sys@shading@range@num=\count118
\pgf@shadingcount=\count119
)
(C:\latex\tex/generic/pgf/basiclayer\pgfcoreimage.code.tex
File: pgfcoreimage.code.tex 2019/08/03 v3.1.4b (3.1.4b)

(C:\latex\tex/generic/pgf/basiclayer\pgfcoreexternal.code.tex
File: pgfcoreexternal.code.tex 2019/08/03 v3.1.4b (3.1.4b)
\pgfexternal@startupbox=\box41
))
(C:\latex\tex/generic/pgf/basiclayer\pgfcorelayers.code.tex
File: pgfcorelayers.code.tex 2019/08/03 v3.1.4b (3.1.4b)
)
(C:\latex\tex/generic/pgf/basiclayer\pgfcoretransparency.code.tex
File: pgfcoretransparency.code.tex 2019/08/03 v3.1.4b (3.1.4b)
)
(C:\latex\tex/generic/pgf/basiclayer\pgfcorepatterns.code.tex
File: pgfcorepatterns.code.tex 2019/08/03 v3.1.4b (3.1.4b)
)
(C:\latex\tex/generic/pgf/basiclayer\pgfcorerdf.code.tex
File: pgfcorerdf.code.tex 2019/08/03 v3.1.4b (3.1.4b)
)))
(C:\latex\tex/latex/pgf/utilities\xxcolor.sty
Package: xxcolor 2003/10/24 ver 0.1
\XC@nummixins=\count120
\XC@countmixins=\count121
)
(C:\latex\tex/generic/oberdiek\atbegshi.sty
Package: atbegshi 2016/06/09 v1.18 At begin shipout hook (HO)

(C:\latex\tex/generic/oberdiek\infwarerr.sty
Package: infwarerr 2016/05/16 v1.4 Providing info/warning/error messages (HO)
)
(C:\latex\tex/generic/oberdiek\ltxcmds.sty
Package: ltxcmds 2016/05/16 v1.23 LaTeX kernel commands for general use (HO)
))
(C:\latex\tex/latex/hyperref\hyperref.sty
Package: hyperref 2019/06/12 v6.88h Hypertext links for LaTeX

(C:\latex\tex/generic/oberdiek\hobsub-hyperref.sty
Package: hobsub-hyperref 2016/05/16 v1.14 Bundle oberdiek, subset hyperref (HO)


(C:\latex\tex/generic/oberdiek\hobsub-generic.sty
Package: hobsub-generic 2016/05/16 v1.14 Bundle oberdiek, subset generic (HO)
Package: hobsub 2016/05/16 v1.14 Construct package bundles (HO)
Package hobsub Info: Skipping package `infwarerr' (already loaded).
Package hobsub Info: Skipping package `ltxcmds' (already loaded).
Package: ifluatex 2016/05/16 v1.4 Provides the ifluatex switch (HO)
Package ifluatex Info: LuaTeX not detected.
Package hobsub Info: Skipping package `ifvtex' (already loaded).
Package: intcalc 2016/05/16 v1.2 Expandable calculations with integers (HO)
Package hobsub Info: Skipping package `ifpdf' (already loaded).
Package: etexcmds 2016/05/16 v1.6 Avoid name clashes with e-TeX commands (HO)
Package: kvsetkeys 2016/05/16 v1.17 Key value parser (HO)
Package: kvdefinekeys 2016/05/16 v1.4 Define keys (HO)
Package: pdftexcmds 2019/07/25 v0.30 Utility functions of pdfTeX for LuaTeX (HO
)
Package pdftexcmds Info: LuaTeX not detected.
Package pdftexcmds Info: \pdf@primitive is available.
Package pdftexcmds Info: \pdf@ifprimitive is available.
Package pdftexcmds Info: \pdfdraftmode found.
Package: pdfescape 2016/05/16 v1.14 Implements pdfTeX's escape features (HO)
Package: bigintcalc 2016/05/16 v1.4 Expandable calculations on big integers (HO
)
Package: bitset 2016/05/16 v1.2 Handle bit-vector datatype (HO)
Package: uniquecounter 2016/05/16 v1.3 Provide unlimited unique counter (HO)
)
Package hobsub Info: Skipping package `hobsub' (already loaded).
Package: letltxmacro 2016/05/16 v1.5 Let assignment for LaTeX macros (HO)
Package: hopatch 2016/05/16 v1.3 Wrapper for package hooks (HO)
Package: xcolor-patch 2016/05/16 xcolor patch
Package: atveryend 2016/05/16 v1.9 Hooks at the very end of document (HO)
Package hobsub Info: Skipping package `atbegshi' (already loaded).
Package: refcount 2016/05/16 v3.5 Data extraction from label references (HO)
Package: hycolor 2016/05/16 v1.8 Color options for hyperref/bookmark (HO)
)
(C:\latex\tex/latex/oberdiek\auxhook.sty
Package: auxhook 2016/05/16 v1.4 Hooks for auxiliary files (HO)
)
(C:\latex\tex/latex/oberdiek\kvoptions.sty
Package: kvoptions 2016/05/16 v3.12 Key value format for package options (HO)
)
\@linkdim=\dimen165
\Hy@linkcounter=\count122
\Hy@pagecounter=\count123

(C:\latex\tex/latex/hyperref\pd1enc.def
File: pd1enc.def 2019/06/12 v6.88h Hyperref: PDFDocEncoding definition (HO)
Now handling font encoding PD1 ...
... no UTF-8 mapping file for font encoding PD1
)
\Hy@SavedSpaceFactor=\count124

(C:\latex\tex/latex/00miktex\hyperref.cfg
File: hyperref.cfg 2002/06/06 v1.2 hyperref configuration of TeXLive
)
Package hyperref Info: Option `bookmarks' set `true' on input line 4424.
Package hyperref Info: Option `bookmarksopen' set `true' on input line 4424.
Package hyperref Info: Option `implicit' set `false' on input line 4424.
Package hyperref Info: Hyper figures OFF on input line 4550.
Package hyperref Info: Link nesting OFF on input line 4555.
Package hyperref Info: Hyper index ON on input line 4558.
Package hyperref Info: Plain pages OFF on input line 4565.
Package hyperref Info: Backreferencing OFF on input line 4570.
Package hyperref Info: Implicit mode OFF; no redefinition of LaTeX internals.
Package hyperref Info: Bookmarks ON on input line 4803.
\c@Hy@tempcnt=\count125
 (C:\latex\tex/latex/url\url.sty
\Urlmuskip=\muskip10
Package: url 2013/09/16  ver 3.4  Verb mode for urls, etc.
)
LaTeX Info: Redefining \url on input line 5156.
\XeTeXLinkMargin=\dimen166
\Fld@menulength=\count126
\Field@Width=\dimen167
\Fld@charsize=\dimen168
Package hyperref Info: Hyper figures OFF on input line 6411.
Package hyperref Info: Link nesting OFF on input line 6416.
Package hyperref Info: Hyper index ON on input line 6419.
Package hyperref Info: backreferencing OFF on input line 6426.
Package hyperref Info: Link coloring OFF on input line 6431.
Package hyperref Info: Link coloring with OCG OFF on input line 6436.
Package hyperref Info: PDF/A mode OFF on input line 6441.
LaTeX Info: Redefining \ref on input line 6481.
LaTeX Info: Redefining \pageref on input line 6485.
\Hy@abspage=\count127


Package hyperref Message: Stopped early.

)
Package hyperref Info: Driver (autodetected): hpdftex.
 (C:\latex\tex/latex/hyperref\hpdftex.def
File: hpdftex.def 2019/06/12 v6.88h Hyperref driver for pdfTeX
\Fld@listcount=\count128
\c@bookmark@seq@number=\count129

(C:\latex\tex/latex/oberdiek\rerunfilecheck.sty
Package: rerunfilecheck 2016/05/16 v1.8 Rerun checks for auxiliary files (HO)
Package uniquecounter Info: New unique counter `rerunfilecheck' on input line 2
82.
))
(C:\latex\tex/latex/beamer\beamerbaserequires.sty
(C:\latex\tex/latex/beamer\beamerbasecompatibility.sty)
(C:\latex\tex/latex/beamer\beamerbasefont.sty
(C:\latex\tex/latex/amsfonts\amssymb.sty
Package: amssymb 2013/01/14 v3.01 AMS font symbols

(C:\latex\tex/latex/amsfonts\amsfonts.sty
Package: amsfonts 2013/01/14 v3.01 Basic AMSFonts support
\@emptytoks=\toks26
\symAMSa=\mathgroup4
\symAMSb=\mathgroup5
LaTeX Font Info:    Overwriting math alphabet `\mathfrak' in version `bold'
(Font)                  U/euf/m/n --> U/euf/b/n on input line 106.
))
(C:\latex\tex/latex/sansmathaccent\sansmathaccent.sty
Package: sansmathaccent 2013/03/28

(C:\latex\tex/latex/filehook\filehook.sty
Package: filehook 2011/10/12 v0.5d Hooks for input files
)))
(C:\latex\tex/latex/beamer\beamerbasetranslator.sty
(C:\latex\tex/latex/translator\translator.sty
Package: translator 2019-05-31 v1.12a Easy translation of strings in LaTeX
))
(C:\latex\tex/latex/beamer\beamerbasemisc.sty)
(C:\latex\tex/latex/beamer\beamerbasetwoscreens.sty)
(C:\latex\tex/latex/beamer\beamerbaseoverlay.sty
\beamer@argscount=\count130
\beamer@lastskipcover=\skip44
\beamer@trivlistdepth=\count131
)
(C:\latex\tex/latex/beamer\beamerbasetitle.sty)
(C:\latex\tex/latex/beamer\beamerbasesection.sty
\c@lecture=\count132
\c@part=\count133
\c@section=\count134
\c@subsection=\count135
\c@subsubsection=\count136
)
(C:\latex\tex/latex/beamer\beamerbaseframe.sty
\beamer@framebox=\box42
\beamer@frametitlebox=\box43
\beamer@zoombox=\box44
\beamer@zoomcount=\count137
\beamer@zoomframecount=\count138
\beamer@frametextheight=\dimen169
\c@subsectionslide=\count139
\beamer@frametopskip=\skip45
\beamer@framebottomskip=\skip46
\beamer@frametopskipautobreak=\skip47
\beamer@framebottomskipautobreak=\skip48
\beamer@envbody=\toks27
\framewidth=\dimen170
\c@framenumber=\count140
)
(C:\latex\tex/latex/beamer\beamerbaseverbatim.sty
\beamer@verbatimfileout=\write4
)
(C:\latex\tex/latex/beamer\beamerbaseframesize.sty
\beamer@splitbox=\box45
\beamer@autobreakcount=\count141
\beamer@autobreaklastheight=\dimen171
\beamer@frametitletoks=\toks28
\beamer@framesubtitletoks=\toks29
)
(C:\latex\tex/latex/beamer\beamerbaseframecomponents.sty
\beamer@footins=\box46
)
(C:\latex\tex/latex/beamer\beamerbasecolor.sty)
(C:\latex\tex/latex/beamer\beamerbasenotes.sty
\beamer@frameboxcopy=\box47
)
(C:\latex\tex/latex/beamer\beamerbasetoc.sty)
(C:\latex\tex/latex/beamer\beamerbasetemplates.sty
\beamer@sbttoks=\toks30

(C:\latex\tex/latex/beamer\beamerbaseauxtemplates.sty
(C:\latex\tex/latex/beamer\beamerbaseboxes.sty
\bmb@box=\box48
\bmb@colorbox=\box49
\bmb@boxshadow=\box50
\bmb@boxshadowball=\box51
\bmb@boxshadowballlarge=\box52
\bmb@temp=\dimen172
\bmb@dima=\dimen173
\bmb@dimb=\dimen174
\bmb@prevheight=\dimen175
)
\beamer@blockheadheight=\dimen176
))
(C:\latex\tex/latex/beamer\beamerbaselocalstructure.sty
(C:\latex\tex/latex/tools\enumerate.sty
Package: enumerate 2015/07/23 v3.00 enumerate extensions (DPC)
\@enLab=\toks31
)
\c@figure=\count142
\c@table=\count143
\abovecaptionskip=\skip49
\belowcaptionskip=\skip50
)
(C:\latex\tex/latex/beamer\beamerbasenavigation.sty
\beamer@section@min@dim=\dimen177
)
(C:\latex\tex/latex/beamer\beamerbasetheorems.sty
(C:\latex\tex/latex/amsmath\amsmath.sty
Package: amsmath 2018/12/01 v2.17b AMS math features
\@mathmargin=\skip51

For additional information on amsmath, use the `?' option.
(C:\latex\tex/latex/amsmath\amstext.sty
Package: amstext 2000/06/29 v2.01 AMS text
 (C:\latex\tex/latex/amsmath\amsgen.sty
File: amsgen.sty 1999/11/30 v2.0 generic functions
\@emptytoks=\toks32
\ex@=\dimen178
)) (C:\latex\tex/latex/amsmath\amsbsy.sty
Package: amsbsy 1999/11/29 v1.2d Bold Symbols
\pmbraise@=\dimen179
)
(C:\latex\tex/latex/amsmath\amsopn.sty
Package: amsopn 2016/03/08 v2.02 operator names
)
\inf@bad=\count144
LaTeX Info: Redefining \frac on input line 223.
\uproot@=\count145
\leftroot@=\count146
LaTeX Info: Redefining \overline on input line 385.
\classnum@=\count147
\DOTSCASE@=\count148
LaTeX Info: Redefining \ldots on input line 482.
LaTeX Info: Redefining \dots on input line 485.
LaTeX Info: Redefining \cdots on input line 606.
\Mathstrutbox@=\box53
\strutbox@=\box54
\big@size=\dimen180
LaTeX Font Info:    Redeclaring font encoding OML on input line 729.
LaTeX Font Info:    Redeclaring font encoding OMS on input line 730.
\macc@depth=\count149
\c@MaxMatrixCols=\count150
\dotsspace@=\muskip11
\c@parentequation=\count151
\dspbrk@lvl=\count152
\tag@help=\toks33
\row@=\count153
\column@=\count154
\maxfields@=\count155
\andhelp@=\toks34
\eqnshift@=\dimen181
\alignsep@=\dimen182
\tagshift@=\dimen183
\tagwidth@=\dimen184
\totwidth@=\dimen185
\lineht@=\dimen186
\@envbody=\toks35
\multlinegap=\skip52
\multlinetaggap=\skip53
\mathdisplay@stack=\toks36
LaTeX Info: Redefining \[ on input line 2844.
LaTeX Info: Redefining \] on input line 2845.
) (C:\latex\tex/latex/amscls\amsthm.sty
Package: amsthm 2017/10/31 v2.20.4
\thm@style=\toks37
\thm@bodyfont=\toks38
\thm@headfont=\toks39
\thm@notefont=\toks40
\thm@headpunct=\toks41
\thm@preskip=\skip54
\thm@postskip=\skip55
\thm@headsep=\skip56
\dth@everypar=\toks42
)
\c@theorem=\count156
) (C:\latex\tex/latex/beamer\beamerbasethemes.sty))
(C:\latex\tex/latex/beamer\beamerthemedefault.sty
(C:\latex\tex/latex/beamer\beamerfontthemedefault.sty)
(C:\latex\tex/latex/beamer\beamercolorthemedefault.sty)
(C:\latex\tex/latex/beamer\beamerinnerthemedefault.sty
\beamer@dima=\dimen187
\beamer@dimb=\dimen188
)
(C:\latex\tex/latex/beamer\beamerouterthemedefault.sty))) (IEEEtrantools.sty
Package: IEEEtrantools 2015/08/26 V1.5 by Michael Shell

-- See the "IEEEtrantools_doc.txt" manual for usage information.
-- http://www.michaelshell.org/tex/ieeetran/tools/
\@IEEEtrantmpdimenA=\dimen189
\@IEEEtrantmpdimenB=\dimen190
\@IEEEtrantmpdimenC=\dimen191
\@IEEEtrantmpcountA=\count157
\@IEEEtrantmpcountB=\count158
\@IEEEtrantmpcountC=\count159
\@IEEEtrantmptoksA=\toks43
\IEEEnormaljot=\dimen192
\IEEEquantizedlength=\dimen193
\IEEEquantizedlengthdiff=\dimen194
\IEEEquantizedtextheightdiff=\dimen195
\IEEEilabelindentA=\dimen196
\IEEEilabelindentB=\dimen197
\IEEEilabelindent=\dimen198
\IEEEelabelindent=\dimen199
\IEEEdlabelindent=\dimen256
\IEEElabelindent=\dimen257
\IEEEiednormlabelsep=\dimen258
\IEEEiedmathlabelsep=\dimen259
\IEEEiedtopsep=\skip57
\c@IEEEsubequation=\count160
\@IEEEeqnnumcols=\count161
\@IEEEeqncolcnt=\count162
\@IEEEsubeqnnumrollback=\count163
\IEEEPARstartletwidth=\dimen260
) (C:\latex\tex/latex/pgf/basiclayer\pgf.sty
Package: pgf 2019/08/03 v3.1.4b (3.1.4b)

(C:\latex\tex/generic/pgf/modules\pgfmoduleshapes.code.tex
File: pgfmoduleshapes.code.tex 2019/08/03 v3.1.4b (3.1.4b)
\pgfnodeparttextbox=\box55
)
(C:\latex\tex/generic/pgf/modules\pgfmoduleplot.code.tex
File: pgfmoduleplot.code.tex 2019/08/03 v3.1.4b (3.1.4b)
)
(C:\latex\tex/latex/pgf/compatibility\pgfcomp-version-0-65.sty
Package: pgfcomp-version-0-65 2019/08/03 v3.1.4b (3.1.4b)
\pgf@nodesepstart=\dimen261
\pgf@nodesepend=\dimen262
)
(C:\latex\tex/latex/pgf/compatibility\pgfcomp-version-1-18.sty
Package: pgfcomp-version-1-18 2019/08/03 v3.1.4b (3.1.4b)
))
(C:\latex\tex/latex/mathtools\mathtools.sty
Package: mathtools 2019/07/31 v1.22 mathematical typesetting tools
 (C:\latex\tex/latex/tools\calc.sty
Package: calc 2017/05/25 v4.3 Infix arithmetic (KKT,FJ)
\calc@Acount=\count164
\calc@Bcount=\count165
\calc@Adimen=\dimen263
\calc@Bdimen=\dimen264
\calc@Askip=\skip58
\calc@Bskip=\skip59
LaTeX Info: Redefining \setlength on input line 80.
LaTeX Info: Redefining \addtolength on input line 81.
\calc@Ccount=\count166
\calc@Cskip=\skip60
) (C:\latex\tex/latex/mathtools\mhsetup.sty
Package: mhsetup 2017/03/31 v1.3 programming setup (MH)
)
LaTeX Info: Thecontrolsequence`\('isalreadyrobust on input line 129.
LaTeX Info: Thecontrolsequence`\)'isalreadyrobust on input line 129.
LaTeX Info: Thecontrolsequence`\['isalreadyrobust on input line 129.
LaTeX Info: Thecontrolsequence`\]'isalreadyrobust on input line 129.
\g_MT_multlinerow_int=\count167
\l_MT_multwidth_dim=\dimen265
\origjot=\skip61
\l_MT_shortvdotswithinadjustabove_dim=\dimen266
\l_MT_shortvdotswithinadjustbelow_dim=\dimen267
\l_MT_above_intertext_sep=\dimen268
\l_MT_below_intertext_sep=\dimen269
\l_MT_above_shortintertext_sep=\dimen270
\l_MT_below_shortintertext_sep=\dimen271
)
(C:\latex\tex/latex/csquotes\csquotes.sty
Package: csquotes 2019/05/10 v5.2e context-sensitive quotations (JAW)
\csq@reset=\count168
\csq@gtype=\count169
\csq@glevel=\count170
\csq@qlevel=\count171
\csq@maxlvl=\count172
\csq@tshold=\count173
\csq@ltx@everypar=\toks44

(C:\latex\tex/latex/csquotes\csquotes.def
File: csquotes.def 2019/05/10 v5.2e csquotes generic definitions (JAW)
)
Package csquotes Info: Trying to load configuration file 'csquotes.cfg'...
Package csquotes Info: ... configuration file loaded successfully.

(C:\latex\tex/latex/csquotes\csquotes.cfg
File: csquotes.cfg 
))
(C:\latex\tex/latex/carlisle\scalefnt.sty)
(C:\latex\tex/latex/base\inputenc.sty
Package: inputenc 2018/08/11 v1.3c Input encoding file
\inpenc@prehook=\toks45
\inpenc@posthook=\toks46
) (C:\latex\tex/latex/base\fontenc.sty
Package: fontenc 2018/08/11 v2.0j Standard LaTeX package

(C:\latex\tex/latex/base\t1enc.def
File: t1enc.def 2018/08/11 v2.0j Standard LaTeX file
LaTeX Font Info:    Redeclaring font encoding T1 on input line 48.
)) (C:\latex\tex/latex/lipsum\lipsum.sty
(C:\latex\tex/latex/l3kernel\expl3.sty
Package: expl3 2019-07-25 L3 programming layer (loader) 

(C:\latex\tex/latex/l3kernel\expl3-code.tex
Package: expl3 2019-07-25 L3 programming layer (code)
\c_max_int=\count174
\l_tmpa_int=\count175
\l_tmpb_int=\count176
\g_tmpa_int=\count177
\g_tmpb_int=\count178
\g__kernel_prg_map_int=\count179
\c__ior_term_ior=\count180
\c_log_iow=\count181
\l_iow_line_count_int=\count182
\l__iow_line_target_int=\count183
\l__iow_one_indent_int=\count184
\l__iow_indent_int=\count185
\c_zero_dim=\dimen272
\c_max_dim=\dimen273
\l_tmpa_dim=\dimen274
\l_tmpb_dim=\dimen275
\g_tmpa_dim=\dimen276
\g_tmpb_dim=\dimen277
\c_zero_skip=\skip62
\c_max_skip=\skip63
\l_tmpa_skip=\skip64
\l_tmpb_skip=\skip65
\g_tmpa_skip=\skip66
\g_tmpb_skip=\skip67
\c_zero_muskip=\muskip12
\c_max_muskip=\muskip13
\l_tmpa_muskip=\muskip14
\l_tmpb_muskip=\muskip15
\g_tmpa_muskip=\muskip16
\g_tmpb_muskip=\muskip17
\l_keys_choice_int=\count186
\l__intarray_loop_int=\count187
\c__intarray_sp_dim=\dimen278
\g__intarray_font_int=\count188
\c__fp_leading_shift_int=\count189
\c__fp_middle_shift_int=\count190
\c__fp_trailing_shift_int=\count191
\c__fp_big_leading_shift_int=\count192
\c__fp_big_middle_shift_int=\count193
\c__fp_big_trailing_shift_int=\count194
\c__fp_Bigg_leading_shift_int=\count195
\c__fp_Bigg_middle_shift_int=\count196
\c__fp_Bigg_trailing_shift_int=\count197
\c__kernel_randint_max_int=\count198
\g__fp_array_int=\count199
\l__fp_array_loop_int=\count266
\l__sort_length_int=\count267
\l__sort_min_int=\count268
\l__sort_top_int=\count269
\l__sort_max_int=\count270
\l__sort_true_max_int=\count271
\l__sort_block_int=\count272
\l__sort_begin_int=\count273
\l__sort_end_int=\count274
\l__sort_A_int=\count275
\l__sort_B_int=\count276
\l__sort_C_int=\count277
\l__str_internal_int=\count278
\c__str_replacement_char_int=\count279
\l__tl_analysis_normal_int=\count280
\l__tl_analysis_index_int=\count281
\l__tl_analysis_nesting_int=\count282
\l__tl_analysis_type_int=\count283
\l__regex_internal_a_int=\count284
\l__regex_internal_b_int=\count285
\l__regex_internal_c_int=\count286
\l__regex_balance_int=\count287
\l__regex_group_level_int=\count288
\l__regex_mode_int=\count289
\c__regex_cs_in_class_mode_int=\count290
\c__regex_cs_mode_int=\count291
\l__regex_catcodes_int=\count292
\l__regex_default_catcodes_int=\count293
\c__regex_catcode_D_int=\count294
\c__regex_catcode_S_int=\count295
\c__regex_catcode_L_int=\count296
\c__regex_catcode_O_int=\count297
\c__regex_catcode_A_int=\count298
\c__regex_all_catcodes_int=\count299
\l__regex_show_lines_int=\count300
\l__regex_min_state_int=\count301
\l__regex_max_state_int=\count302
\l__regex_left_state_int=\count303
\l__regex_right_state_int=\count304
\l__regex_capturing_group_int=\count305
\l__regex_min_pos_int=\count306
\l__regex_max_pos_int=\count307
\l__regex_curr_pos_int=\count308
\l__regex_start_pos_int=\count309
\l__regex_success_pos_int=\count310
\l__regex_curr_char_int=\count311
\l__regex_curr_catcode_int=\count312
\l__regex_last_char_int=\count313
\l__regex_case_changed_char_int=\count314
\l__regex_curr_state_int=\count315
\l__regex_step_int=\count316
\l__regex_min_active_int=\count317
\l__regex_max_active_int=\count318
\l__regex_replacement_csnames_int=\count319
\l__regex_match_count_int=\count320
\l__regex_min_submatch_int=\count321
\l__regex_submatch_int=\count322
\l__regex_zeroth_submatch_int=\count323
\g__regex_trace_regex_int=\count324
\c_empty_box=\box56
\l_tmpa_box=\box57
\l_tmpb_box=\box58
\g_tmpa_box=\box59
\g_tmpb_box=\box60
\l__box_top_dim=\dimen279
\l__box_bottom_dim=\dimen280
\l__box_left_dim=\dimen281
\l__box_right_dim=\dimen282
\l__box_top_new_dim=\dimen283
\l__box_bottom_new_dim=\dimen284
\l__box_left_new_dim=\dimen285
\l__box_right_new_dim=\dimen286
\l__box_internal_box=\box61
\l__coffin_internal_box=\box62
\l__coffin_internal_dim=\dimen287
\l__coffin_offset_x_dim=\dimen288
\l__coffin_offset_y_dim=\dimen289
\l__coffin_x_dim=\dimen290
\l__coffin_y_dim=\dimen291
\l__coffin_x_prime_dim=\dimen292
\l__coffin_y_prime_dim=\dimen293
\c_empty_coffin=\box63
\l__coffin_aligned_coffin=\box64
\l__coffin_aligned_internal_coffin=\box65
\l_tmpa_coffin=\box66
\l_tmpb_coffin=\box67
\g_tmpa_coffin=\box68
\g_tmpb_coffin=\box69
\l__coffin_bounding_shift_dim=\dimen294
\l__coffin_left_corner_dim=\dimen295
\l__coffin_right_corner_dim=\dimen296
\l__coffin_bottom_corner_dim=\dimen297
\l__coffin_top_corner_dim=\dimen298
\l__coffin_scaled_total_height_dim=\dimen299
\l__coffin_scaled_width_dim=\dimen300
\c__coffin_empty_coffin=\box70
\l__coffin_display_coffin=\box71
\l__coffin_display_coord_coffin=\box72
\l__coffin_display_pole_coffin=\box73
\l__coffin_display_offset_dim=\dimen301
\l__coffin_display_x_dim=\dimen302
\l__coffin_display_y_dim=\dimen303
\g__file_internal_ior=\read2
\l__seq_internal_a_int=\count325
\l__seq_internal_b_int=\count326
)
(C:\latex\tex/latex/l3backend\l3backend-pdfmode.def
File: l3backend-pdfmode.def 2019-04-06 v L3 Experimental backend support: PDF m
ode
\l__kernel_color_stack_int=\count327
\l__pdf_internal_box=\box74
))
(C:\latex\tex/latex/l3packages/xparse\xparse.sty
Package: xparse 2019-05-28 L3 Experimental document command parser
\l__xparse_current_arg_int=\count328
\g__xparse_grabber_int=\count329
\l__xparse_m_args_int=\count330
\l__xparse_v_nesting_int=\count331
)
Package: lipsum 2019/01/02 v2.2 150 paragraphs of Lorem Ipsum dummy text

(C:\latex\tex/latex/lipsum\lipsum.ltd.tex
File: lipsum.ltd.tex 2019/01/02 v2.2 The Lorem ipsum dummy text
)) (C:\latex\tex/latex/lm\lmodern.sty
Package: lmodern 2009/10/30 v1.6 Latin Modern Fonts
LaTeX Font Info:    Overwriting symbol font `operators' in version `normal'
(Font)                  OT1/cmr/m/n --> OT1/lmr/m/n on input line 22.
LaTeX Font Info:    Overwriting symbol font `letters' in version `normal'
(Font)                  OML/cmm/m/it --> OML/lmm/m/it on input line 23.
LaTeX Font Info:    Overwriting symbol font `symbols' in version `normal'
(Font)                  OMS/cmsy/m/n --> OMS/lmsy/m/n on input line 24.
LaTeX Font Info:    Overwriting symbol font `largesymbols' in version `normal'
(Font)                  OMX/cmex/m/n --> OMX/lmex/m/n on input line 25.
LaTeX Font Info:    Overwriting symbol font `operators' in version `bold'
(Font)                  OT1/cmr/bx/n --> OT1/lmr/bx/n on input line 26.
LaTeX Font Info:    Overwriting symbol font `letters' in version `bold'
(Font)                  OML/cmm/b/it --> OML/lmm/b/it on input line 27.
LaTeX Font Info:    Overwriting symbol font `symbols' in version `bold'
(Font)                  OMS/cmsy/b/n --> OMS/lmsy/b/n on input line 28.
LaTeX Font Info:    Overwriting symbol font `largesymbols' in version `bold'
(Font)                  OMX/cmex/m/n --> OMX/lmex/m/n on input line 29.
LaTeX Font Info:    Overwriting math alphabet `\mathbf' in version `normal'
(Font)                  OT1/cmr/bx/n --> OT1/lmr/bx/n on input line 31.
LaTeX Font Info:    Overwriting math alphabet `\mathsf' in version `normal'
(Font)                  OT1/cmss/m/n --> OT1/lmss/m/n on input line 32.
LaTeX Font Info:    Overwriting math alphabet `\mathit' in version `normal'
(Font)                  OT1/cmr/m/it --> OT1/lmr/m/it on input line 33.
LaTeX Font Info:    Overwriting math alphabet `\mathtt' in version `normal'
(Font)                  OT1/cmtt/m/n --> OT1/lmtt/m/n on input line 34.
LaTeX Font Info:    Overwriting math alphabet `\mathbf' in version `bold'
(Font)                  OT1/cmr/bx/n --> OT1/lmr/bx/n on input line 35.
LaTeX Font Info:    Overwriting math alphabet `\mathsf' in version `bold'
(Font)                  OT1/cmss/bx/n --> OT1/lmss/bx/n on input line 36.
LaTeX Font Info:    Overwriting math alphabet `\mathit' in version `bold'
(Font)                  OT1/cmr/bx/it --> OT1/lmr/bx/it on input line 37.
LaTeX Font Info:    Overwriting math alphabet `\mathtt' in version `bold'
(Font)                  OT1/cmtt/m/n --> OT1/lmtt/m/n on input line 38.
) (C:\latex\tex/latex/base\latexsym.sty
Package: latexsym 1998/08/17 v2.2e Standard LaTeX package (lasy symbols)
\symlasy=\mathgroup6
LaTeX Font Info:    Overwriting symbol font `lasy' in version `bold'
(Font)                  U/lasy/m/n --> U/lasy/b/n on input line 52.
)
(C:\latex\tex/latex/jknappen\mathrsfs.sty
Package: mathrsfs 1996/01/01 Math RSFS package v1.0 (jk)
\symrsfs=\mathgroup7
)

Package geometry Warning: Over-specification in `h'-direction.
    `width' (199.16928pt) is ignored.

(C:\latex\tex/latex/graphics\rotating.sty
Package: rotating 2016/08/11 v2.16d rotated objects in LaTeX
 (C:\latex\tex/latex/base\ifthen.sty
Package: ifthen 2014/09/29 v1.1c Standard LaTeX ifthen package (DPC)
)
\c@r@tfl@t=\count332
\rotFPtop=\skip68
\rotFPbot=\skip69
\rot@float@box=\box75
\rot@mess@toks=\toks47
) (C:\latex\tex/latex/multirow\multirow.sty
Package: multirow 2019/05/31 v2.5 Span multiple rows of a table
\multirow@colwidth=\skip70
\multirow@cntb=\count333
\multirow@dima=\skip71
\bigstrutjot=\dimen304
)
(C:\latex\tex/latex/filecontents\filecontents.sty
Package: filecontents 2019/09/20 v1.5 Create an external file from within a LaT
eX document
)
(C:\latex\tex/latex/ragged2e\ragged2e.sty
Package: ragged2e 2019/07/28 v2.2 ragged2e Package (MS)
 (C:\latex\tex/latex/ms\everysel.sty
Package: everysel 2011/10/28 v1.2 EverySelectfont Package (MS)
)
\CenteringLeftskip=\skip72
\RaggedLeftLeftskip=\skip73
\RaggedRightLeftskip=\skip74
\CenteringRightskip=\skip75
\RaggedLeftRightskip=\skip76
\RaggedRightRightskip=\skip77
\CenteringParfillskip=\skip78
\RaggedLeftParfillskip=\skip79
\RaggedRightParfillskip=\skip80
\JustifyingParfillskip=\skip81
\CenteringParindent=\skip82
\RaggedLeftParindent=\skip83
\RaggedRightParindent=\skip84
\JustifyingParindent=\skip85
) (C:\latex\tex/latex/subfig\subfig.sty
Package: subfig 2005/06/28 ver: 1.3 subfig package
 (C:\latex\tex/latex/caption\caption.sty
Package: caption 2018/10/06 v3.3-154 Customizing captions (AR)

(C:\latex\tex/latex/caption\caption3.sty
Package: caption3 2018/09/12 v1.8c caption3 kernel (AR)
Package caption3 Info: TeX engine: e-TeX on input line 64.
\captionmargin=\dimen305
\captionmargin@=\dimen306
\captionwidth=\dimen307
\caption@tempdima=\dimen308
\caption@indent=\dimen309
\caption@parindent=\dimen310
\caption@hangindent=\dimen311
)
\c@caption@flags=\count334
\c@ContinuedFloat=\count335
Package caption Info: beamer document class.
Package caption Info: hyperref package is loaded.
Package caption Info: Hyperref support is turned off
(caption)             because hyperref has stopped early.
Package caption Info: rotating package is loaded.
)
\c@KVtest=\count336
\sf@farskip=\skip86
\sf@captopadj=\dimen312
\sf@capskip=\skip87
\sf@nearskip=\skip88
\c@subfigure=\count337
\c@subfigure@save=\count338
\c@depth=\count339
\c@subtable=\count340
\c@subtable@save=\count341
\sf@top=\skip89
\sf@bottom=\skip90
)
(C:\latex\tex/latex/varwidth\varwidth.sty
Package: varwidth 2009/03/30 ver 0.92;  Variable-width minipages
\@vwid@box=\box76
\sift@deathcycles=\count342
\@vwid@loff=\dimen313
\@vwid@roff=\dimen314
)
\sympureletters=\mathgroup8
LaTeX Font Info:    Overwriting symbol font `pureletters' in version `bold'
(Font)                  OT1/mathkerncmss/m/sl --> OT1/mathkerncmss/bx/sl on inp
ut line 25.
 (C:\latex\tex/latex/tools\bm.sty
Package: bm 2017/01/16 v1.2c Bold Symbol Support (DPC/FMi)
\symboldoperators=\mathgroup9
\symboldletters=\mathgroup10
\symboldsymbols=\mathgroup11
\symboldlasy=\mathgroup12
LaTeX Font Info:    Redeclaring math alphabet \mathbf on input line 141.
LaTeX Info: Redefining \bm on input line 207.
)
(beamerthemepurduegold.sty (C:\latex\tex/latex/textpos\textpos.sty
Package: textpos 2019/04/15 v1.9.1

Package: textpos 2019/04/15 1.9.1, absolute positioning of text on the page
\TP@textbox=\box77
\TP@holdbox=\box78
\TPHorizModule=\dimen315
\TPVertModule=\dimen316
\TP@margin=\dimen317
\TP@absmargin=\dimen318
Grid set 16 x 16 = 22.7622pt x 17.07166pt
\TPboxrulesize=\dimen319
\TP@ox=\dimen320
\TP@oy=\dimen321
\TP@tbargs=\toks48
\TP@prevdepth=\dimen322
TextBlockOrigin set to 0pt x 0pt
) (C:\latex\tex/latex/beamer\beamerfontthemeprofessionalfonts.sty)
\purduelogowidth=\skip91
\purduelogomargin=\skip92
)

Package geometry Warning: Over-specification in `h'-direction.
    `width' (199.16928pt) is ignored.


Package geometry Warning: Over-specification in `h'-direction.
    `width' (199.16928pt) is ignored.

(C:\latex\tex/latex/enumitem\enumitem.sty
Package: enumitem 2019/06/20 v3.9 Customized lists
\labelindent=\skip93
\enit@outerparindent=\dimen323
\enit@toks=\toks49
\enit@inbox=\box79
\enit@count@id=\count343
\enitdp@description=\count344
) (C:\latex\tex/latex/arial\uarial.sty
Package: uarial 2006/03/21 1.0 (WaS)
) (C:\latex\tex/latex/beamer\beamerfontthemeserif.sty)

Package csquotes Warning: Load 'inputenc' before 'csquotes' on input line 59.

Package csquotes Info: Checking for multilingual support...
Package csquotes Info: ... none found.
(presentation.aux

LaTeX Warning: Label `table2' multiply defined.

)
\openout1 = `presentation.aux'.

LaTeX Font Info:    Checking defaults for OML/cmm/m/it on input line 59.
LaTeX Font Info:    ... okay on input line 59.
LaTeX Font Info:    Checking defaults for T1/cmr/m/n on input line 59.
LaTeX Font Info:    ... okay on input line 59.
LaTeX Font Info:    Checking defaults for OT1/cmr/m/n on input line 59.
LaTeX Font Info:    ... okay on input line 59.
LaTeX Font Info:    Checking defaults for OMS/cmsy/m/n on input line 59.
LaTeX Font Info:    ... okay on input line 59.
LaTeX Font Info:    Checking defaults for OMX/cmex/m/n on input line 59.
LaTeX Font Info:    ... okay on input line 59.
LaTeX Font Info:    Checking defaults for U/cmr/m/n on input line 59.
LaTeX Font Info:    ... okay on input line 59.
LaTeX Font Info:    Checking defaults for PD1/pdf/m/n on input line 59.
LaTeX Font Info:    ... okay on input line 59.
LaTeX Font Info:    Try loading font information for T1+lmr on input line 59.
 (C:\latex\tex/latex/lm\t1lmr.fd
File: t1lmr.fd 2009/10/30 v1.6 Font defs for Latin Modern
)
*geometry* driver: auto-detecting
*geometry* detected driver: pdftex
*geometry* verbose mode - [ preamble ] result:
* driver: pdftex
* paper: custom
* layout: <same size as paper>
* layoutoffset:(h,v)=(0.0pt,0.0pt)
* modes: includehead includefoot 
* h-part:(L,W,R)=(8.53581pt, 347.12373pt, 8.53581pt)
* v-part:(T,H,B)=(0.0pt, 273.14662pt, 0.0pt)
* \paperwidth=364.19536pt
* \paperheight=273.14662pt
* \textwidth=347.12373pt
* \textheight=244.6939pt
* \oddsidemargin=-63.73418pt
* \evensidemargin=-63.73418pt
* \topmargin=-72.26999pt
* \headheight=14.22636pt
* \headsep=0.0pt
* \topskip=11.0pt
* \footskip=14.22636pt
* \marginparwidth=4.0pt
* \marginparsep=10.0pt
* \columnsep=10.0pt
* \skip\footins=10.0pt plus 4.0pt minus 2.0pt
* \hoffset=0.0pt
* \voffset=0.0pt
* \mag=1000
* \@twocolumnfalse
* \@twosidefalse
* \@mparswitchfalse
* \@reversemarginfalse
* (1in=72.27pt=25.4mm, 1cm=28.453pt)

(C:\latex\tex/context/base/mkii\supp-pdf.mkii
[Loading MPS to PDF converter (version 2006.09.02).]
\scratchcounter=\count345
\scratchdimen=\dimen324
\scratchbox=\box80
\nofMPsegments=\count346
\nofMParguments=\count347
\everyMPshowfont=\toks50
\MPscratchCnt=\count348
\MPscratchDim=\dimen325
\MPnumerator=\count349
\makeMPintoPDFobject=\count350
\everyMPtoPDFconversion=\toks51
) (C:\latex\tex/latex/oberdiek\epstopdf-base.sty
Package: epstopdf-base 2016/05/15 v2.6 Base part for package epstopdf

(C:\latex\tex/latex/oberdiek\grfext.sty
Package: grfext 2016/05/16 v1.2 Manage graphics extensions (HO)
)
Package epstopdf-base Info: Redefining graphics rule for `.eps' on input line 4
38.
Package grfext Info: Graphics extension search list:
(grfext)             [.pdf,.png,.jpg,.mps,.jpeg,.jbig2,.jb2,.PDF,.PNG,.JPG,.JPE
G,.JBIG2,.JB2,.eps]
(grfext)             \AppendGraphicsExtensions on input line 456.
)
ABD: EveryShipout initializing macros
\AtBeginShipoutBox=\box81
Package hyperref Info: Link coloring OFF on input line 59.
 (C:\latex\tex/latex/hyperref\nameref.sty
Package: nameref 2016/05/21 v2.44 Cross-referencing by name of section

(C:\latex\tex/generic/oberdiek\gettitlestring.sty
Package: gettitlestring 2016/05/16 v1.5 Cleanup title references (HO)
)
\c@section@level=\count351
)
LaTeX Info: Redefining \ref on input line 59.
LaTeX Info: Redefining \pageref on input line 59.
LaTeX Info: Redefining \nameref on input line 59.
 (presentation.out)
(presentation.out)
\@outlinefile=\write5
\openout5 = `presentation.out'.


(C:\latex\tex/latex/translator\translator-basic-dictionary-English.dict
Dictionary: translator-basic-dictionary, Language: English 
)
(C:\latex\tex/latex/translator\translator-bibliography-dictionary-English.dict
Dictionary: translator-bibliography-dictionary, Language: English 
) (C:\latex\tex/latex/translator\translator-environment-dictionary-English.dict
Dictionary: translator-environment-dictionary, Language: English 
) (C:\latex\tex/latex/translator\translator-months-dictionary-English.dict
Dictionary: translator-months-dictionary, Language: English 
)
(C:\latex\tex/latex/translator\translator-numbers-dictionary-English.dict
Dictionary: translator-numbers-dictionary, Language: English 
)
(C:\latex\tex/latex/translator\translator-theorem-dictionary-English.dict
Dictionary: translator-theorem-dictionary, Language: English 
)
ABD: EverySelectfont initializing macros
LaTeX Info: Redefining \selectfont on input line 59.
Package caption Info: Begin \AtBeginDocument code.
Package caption Info: subfig package v1.3 is loaded.
Package caption Info: End \AtBeginDocument code.
 (presentation.nav)
<./logos/Eng-Black-Gold-rgb.pdf, id=12, 542.025pt x 143.8173pt>
File: ./logos/Eng-Black-Gold-rgb.pdf Graphic file (type pdf)
<use ./logos/Eng-Black-Gold-rgb.pdf>
Package pdftex.def Info: ./logos/Eng-Black-Gold-rgb.pdf  used on input line 59.

(pdftex.def)             Requested size: 79.83698pt x 21.18323pt.
LaTeX Font Info:    Try loading font information for OT1+lmr on input line 59.

(C:\latex\tex/latex/lm\ot1lmr.fd
File: ot1lmr.fd 2009/10/30 v1.6 Font defs for Latin Modern
)
LaTeX Font Info:    Try loading font information for OML+lmm on input line 59.
 (C:\latex\tex/latex/lm\omllmm.fd
File: omllmm.fd 2009/10/30 v1.6 Font defs for Latin Modern
)
LaTeX Font Info:    Try loading font information for OMS+lmsy on input line 59.


(C:\latex\tex/latex/lm\omslmsy.fd
File: omslmsy.fd 2009/10/30 v1.6 Font defs for Latin Modern
)
LaTeX Font Info:    Try loading font information for OMX+lmex on input line 59.

 (C:\latex\tex/latex/lm\omxlmex.fd
File: omxlmex.fd 2009/10/30 v1.6 Font defs for Latin Modern
)
LaTeX Font Info:    External font `lmex10' loaded for size
(Font)              <6> on input line 59.
LaTeX Font Info:    External font `lmex10' loaded for size
(Font)              <5> on input line 59.
LaTeX Font Info:    Try loading font information for U+msa on input line 59.

(C:\latex\tex/latex/amsfonts\umsa.fd
File: umsa.fd 2013/01/14 v3.01 AMS symbols A
)
LaTeX Font Info:    Try loading font information for U+msb on input line 59.
 (C:\latex\tex/latex/amsfonts\umsb.fd
File: umsb.fd 2013/01/14 v3.01 AMS symbols B
)
LaTeX Font Info:    Try loading font information for U+lasy on input line 59.

(C:\latex\tex/latex/base\ulasy.fd
File: ulasy.fd 1998/08/17 v2.2e LaTeX symbol font definitions
)
LaTeX Font Info:    Try loading font information for U+rsfs on input line 59.
 (C:\latex\tex/latex/jknappen\ursfs.fd
File: ursfs.fd 1998/03/24 rsfs font definition file (jk)
)
LaTeX Font Info:    Try loading font information for OT1+mathkerncmss on input 
line 59.

(C:\latex\tex/latex/sansmathaccent\ot1mathkerncmss.fd
File: ot1mathkerncmss.fd 2013/03/27 Fontinst v1.933 font definitions for OT1/ma
thkerncmss.
)
LaTeX Font Info:    Font shape `U/lasy/b/n' in size <6> not available
(Font)              Font shape `U/lasy/m/n' tried instead on input line 59.
LaTeX Font Info:    Font shape `U/lasy/b/n' in size <5> not available
(Font)              Font shape `U/lasy/m/n' tried instead on input line 59.

Overfull \hbox (88.78879pt too wide) in paragraph at lines 59--59
|  $[]$[][]  
 []

LaTeX Font Info:    Try loading font information for T1+ua1 on input line 63.
(C:\latex\tex/latex/arial\t1ua1.fd
File: t1ua1.fd 2006/03/21 Fontinst v1.928 font definitions for T1/ua1.
)
LaTeX Font Info:    Font shape `T1/ua1/bx/n' in size <14.4> not available
(Font)              Font shape `T1/ua1/b/n' tried instead on input line 63.
LaTeX Font Info:    Font shape `T1/ua1/bx/n' in size <12> not available
(Font)              Font shape `T1/ua1/b/n' tried instead on input line 63.
LaTeX Font Info:    External font `lmex10' loaded for size
(Font)              <10.95> on input line 63.
LaTeX Font Info:    External font `lmex10' loaded for size
(Font)              <8> on input line 63.
LaTeX Font Info:    Font shape `U/lasy/b/n' in size <8> not available
(Font)              Font shape `U/lasy/m/n' tried instead on input line 63.

Overfull \hbox (99.46344pt too wide) in paragraph at lines 63--63
 []$[]$  
 []


Package textpos Warning: environment textblock* not in vertical mode. 
(textpos)                Environment textblock* should not have any text
(textpos)                or printable material appearing before it.
(textpos)                Alignment may work out wrongly. on input line 63.

File: ./logos/Eng-Black-Gold-rgb.pdf Graphic file (type pdf)
<use ./logos/Eng-Black-Gold-rgb.pdf>
Package pdftex.def Info: ./logos/Eng-Black-Gold-rgb.pdf  used on input line 63.

(pdftex.def)             Requested size: 122.91406pt x 32.61205pt.
[1

{C:/Users/vicky/AppData/Local/MiKTeX/2.9/pdftex/config/pdftex.map} <./logos/Eng
-Black-Gold-rgb.pdf>]
File: ./logos/Eng-Black-Gold-rgb.pdf Graphic file (type pdf)
<use ./logos/Eng-Black-Gold-rgb.pdf>
Package pdftex.def Info: ./logos/Eng-Black-Gold-rgb.pdf  used on input line 96.

(pdftex.def)             Requested size: 79.83698pt x 21.18323pt.

Overfull \hbox (303.97896pt too wide) has occurred while \output is active
[]|  [] |  $[]$[][] 
 []

[2

]
File: ./logos/Eng-Black-Gold-rgb.pdf Graphic file (type pdf)
<use ./logos/Eng-Black-Gold-rgb.pdf>
Package pdftex.def Info: ./logos/Eng-Black-Gold-rgb.pdf  used on input line 96.

(pdftex.def)             Requested size: 79.83698pt x 21.18323pt.

Overfull \hbox (303.97896pt too wide) has occurred while \output is active
[]|  [] |  $[]$[][] 
 []

[3

]
File: ./logos/Eng-Black-Gold-rgb.pdf Graphic file (type pdf)
<use ./logos/Eng-Black-Gold-rgb.pdf>
Package pdftex.def Info: ./logos/Eng-Black-Gold-rgb.pdf  used on input line 96.

(pdftex.def)             Requested size: 79.83698pt x 21.18323pt.

Overfull \hbox (303.97896pt too wide) has occurred while \output is active
[]|  [] |  $[]$[][] 
 []

[4

]
File: ./logos/Eng-Black-Gold-rgb.pdf Graphic file (type pdf)
<use ./logos/Eng-Black-Gold-rgb.pdf>
Package pdftex.def Info: ./logos/Eng-Black-Gold-rgb.pdf  used on input line 96.

(pdftex.def)             Requested size: 79.83698pt x 21.18323pt.

Overfull \hbox (303.97896pt too wide) has occurred while \output is active
[]|  [] |  $[]$[][] 
 []

[5

]
File: ./logos/Eng-Black-Gold-rgb.pdf Graphic file (type pdf)
<use ./logos/Eng-Black-Gold-rgb.pdf>
Package pdftex.def Info: ./logos/Eng-Black-Gold-rgb.pdf  used on input line 96.

(pdftex.def)             Requested size: 79.83698pt x 21.18323pt.

Overfull \hbox (303.97896pt too wide) has occurred while \output is active
[]|  [] |  $[]$[][] 
 []

[6

]
File: ./logos/Eng-Black-Gold-rgb.pdf Graphic file (type pdf)
<use ./logos/Eng-Black-Gold-rgb.pdf>
Package pdftex.def Info: ./logos/Eng-Black-Gold-rgb.pdf  used on input line 109
.
(pdftex.def)             Requested size: 79.83698pt x 21.18323pt.

Overfull \hbox (303.97896pt too wide) has occurred while \output is active
[]|  [] |  $[]$[][] 
 []

[7

]
File: ./logos/Eng-Black-Gold-rgb.pdf Graphic file (type pdf)
<use ./logos/Eng-Black-Gold-rgb.pdf>
Package pdftex.def Info: ./logos/Eng-Black-Gold-rgb.pdf  used on input line 109
.
(pdftex.def)             Requested size: 79.83698pt x 21.18323pt.

Overfull \hbox (303.97896pt too wide) has occurred while \output is active
[]|  [] |  $[]$[][] 
 []

[8

]
File: ./logos/Eng-Black-Gold-rgb.pdf Graphic file (type pdf)
<use ./logos/Eng-Black-Gold-rgb.pdf>
Package pdftex.def Info: ./logos/Eng-Black-Gold-rgb.pdf  used on input line 109
.
(pdftex.def)             Requested size: 79.83698pt x 21.18323pt.

Overfull \hbox (303.97896pt too wide) has occurred while \output is active
[]|  [] |  $[]$[][] 
 []

[9

]
File: ./logos/Eng-Black-Gold-rgb.pdf Graphic file (type pdf)
<use ./logos/Eng-Black-Gold-rgb.pdf>
Package pdftex.def Info: ./logos/Eng-Black-Gold-rgb.pdf  used on input line 109
.
(pdftex.def)             Requested size: 79.83698pt x 21.18323pt.

Overfull \hbox (303.97896pt too wide) has occurred while \output is active
[]|  [] |  $[]$[][] 
 []

[10

]
<images//RoughFlow.png, id=78, 741.61066pt x 298.4751pt>
File: images//RoughFlow.png Graphic file (type png)
<use images//RoughFlow.png>
Package pdftex.def Info: images//RoughFlow.png  used on input line 122.
(pdftex.def)             Requested size: 296.639pt x 119.38792pt.
File: ./logos/Eng-Black-Gold-rgb.pdf Graphic file (type pdf)
<use ./logos/Eng-Black-Gold-rgb.pdf>
Package pdftex.def Info: ./logos/Eng-Black-Gold-rgb.pdf  used on input line 122
.
(pdftex.def)             Requested size: 79.83698pt x 21.18323pt.

Overfull \hbox (303.97896pt too wide) has occurred while \output is active
[]|  [] |  $[]$[][] 
 []

[11

 <./images//RoughFlow.png>]
File: images//RoughFlow.png Graphic file (type png)
<use images//RoughFlow.png>
Package pdftex.def Info: images//RoughFlow.png  used on input line 122.
(pdftex.def)             Requested size: 296.639pt x 119.38792pt.
File: ./logos/Eng-Black-Gold-rgb.pdf Graphic file (type pdf)
<use ./logos/Eng-Black-Gold-rgb.pdf>
Package pdftex.def Info: ./logos/Eng-Black-Gold-rgb.pdf  used on input line 122
.
(pdftex.def)             Requested size: 79.83698pt x 21.18323pt.

Overfull \hbox (303.97896pt too wide) has occurred while \output is active
[]|  [] |  $[]$[][] 
 []

[12

]
File: ./logos/Eng-Black-Gold-rgb.pdf Graphic file (type pdf)
<use ./logos/Eng-Black-Gold-rgb.pdf>
Package pdftex.def Info: ./logos/Eng-Black-Gold-rgb.pdf  used on input line 131
.
(pdftex.def)             Requested size: 79.83698pt x 21.18323pt.

Overfull \hbox (303.97896pt too wide) has occurred while \output is active
[]|  [] |  $[]$[][] 
 []

[13

]
File: ./logos/Eng-Black-Gold-rgb.pdf Graphic file (type pdf)
<use ./logos/Eng-Black-Gold-rgb.pdf>
Package pdftex.def Info: ./logos/Eng-Black-Gold-rgb.pdf  used on input line 131
.
(pdftex.def)             Requested size: 79.83698pt x 21.18323pt.

Overfull \hbox (303.97896pt too wide) has occurred while \output is active
[]|  [] |  $[]$[][] 
 []

[14

]
File: ./logos/Eng-Black-Gold-rgb.pdf Graphic file (type pdf)
<use ./logos/Eng-Black-Gold-rgb.pdf>
Package pdftex.def Info: ./logos/Eng-Black-Gold-rgb.pdf  used on input line 131
.
(pdftex.def)             Requested size: 79.83698pt x 21.18323pt.

Overfull \hbox (303.97896pt too wide) has occurred while \output is active
[]|  [] |  $[]$[][] 
 []

[15

]
File: ./logos/Eng-Black-Gold-rgb.pdf Graphic file (type pdf)
<use ./logos/Eng-Black-Gold-rgb.pdf>
Package pdftex.def Info: ./logos/Eng-Black-Gold-rgb.pdf  used on input line 144
.
(pdftex.def)             Requested size: 79.83698pt x 21.18323pt.

Overfull \hbox (303.97896pt too wide) has occurred while \output is active
[]|  [] |  $[]$[][] 
 []

[16

]
File: ./logos/Eng-Black-Gold-rgb.pdf Graphic file (type pdf)
<use ./logos/Eng-Black-Gold-rgb.pdf>
Package pdftex.def Info: ./logos/Eng-Black-Gold-rgb.pdf  used on input line 144
.
(pdftex.def)             Requested size: 79.83698pt x 21.18323pt.

Overfull \hbox (303.97896pt too wide) has occurred while \output is active
[]|  [] |  $[]$[][] 
 []

[17

]
File: ./logos/Eng-Black-Gold-rgb.pdf Graphic file (type pdf)
<use ./logos/Eng-Black-Gold-rgb.pdf>
Package pdftex.def Info: ./logos/Eng-Black-Gold-rgb.pdf  used on input line 144
.
(pdftex.def)             Requested size: 79.83698pt x 21.18323pt.

Overfull \hbox (303.97896pt too wide) has occurred while \output is active
[]|  [] |  $[]$[][] 
 []

[18

]
File: ./logos/Eng-Black-Gold-rgb.pdf Graphic file (type pdf)
<use ./logos/Eng-Black-Gold-rgb.pdf>
Package pdftex.def Info: ./logos/Eng-Black-Gold-rgb.pdf  used on input line 144
.
(pdftex.def)             Requested size: 79.83698pt x 21.18323pt.

Overfull \hbox (303.97896pt too wide) has occurred while \output is active
[]|  [] |  $[]$[][] 
 []

[19

]
File: ./logos/Eng-Black-Gold-rgb.pdf Graphic file (type pdf)
<use ./logos/Eng-Black-Gold-rgb.pdf>
Package pdftex.def Info: ./logos/Eng-Black-Gold-rgb.pdf  used on input line 144
.
(pdftex.def)             Requested size: 79.83698pt x 21.18323pt.

Overfull \hbox (303.97896pt too wide) has occurred while \output is active
[]|  [] |  $[]$[][] 
 []

[20

]
File: ./logos/Eng-Black-Gold-rgb.pdf Graphic file (type pdf)
<use ./logos/Eng-Black-Gold-rgb.pdf>
Package pdftex.def Info: ./logos/Eng-Black-Gold-rgb.pdf  used on input line 156
.
(pdftex.def)             Requested size: 79.83698pt x 21.18323pt.

Overfull \hbox (303.97896pt too wide) has occurred while \output is active
[]|  [] |  $[]$[][] 
 []

[21

]
File: ./logos/Eng-Black-Gold-rgb.pdf Graphic file (type pdf)
<use ./logos/Eng-Black-Gold-rgb.pdf>
Package pdftex.def Info: ./logos/Eng-Black-Gold-rgb.pdf  used on input line 156
.
(pdftex.def)             Requested size: 79.83698pt x 21.18323pt.

Overfull \hbox (303.97896pt too wide) has occurred while \output is active
[]|  [] |  $[]$[][] 
 []

[22

]
File: ./logos/Eng-Black-Gold-rgb.pdf Graphic file (type pdf)
<use ./logos/Eng-Black-Gold-rgb.pdf>
Package pdftex.def Info: ./logos/Eng-Black-Gold-rgb.pdf  used on input line 156
.
(pdftex.def)             Requested size: 79.83698pt x 21.18323pt.

Overfull \hbox (303.97896pt too wide) has occurred while \output is active
[]|  [] |  $[]$[][] 
 []

[23

]
File: ./logos/Eng-Black-Gold-rgb.pdf Graphic file (type pdf)
<use ./logos/Eng-Black-Gold-rgb.pdf>
Package pdftex.def Info: ./logos/Eng-Black-Gold-rgb.pdf  used on input line 156
.
(pdftex.def)             Requested size: 79.83698pt x 21.18323pt.

Overfull \hbox (303.97896pt too wide) has occurred while \output is active
[]|  [] |  $[]$[][] 
 []

[24

]
File: ./logos/Eng-Black-Gold-rgb.pdf Graphic file (type pdf)
<use ./logos/Eng-Black-Gold-rgb.pdf>
Package pdftex.def Info: ./logos/Eng-Black-Gold-rgb.pdf  used on input line 156
.
(pdftex.def)             Requested size: 79.83698pt x 21.18323pt.

Overfull \hbox (303.97896pt too wide) has occurred while \output is active
[]|  [] |  $[]$[][] 
 []

[25

]
File: ./logos/Eng-Black-Gold-rgb.pdf Graphic file (type pdf)
<use ./logos/Eng-Black-Gold-rgb.pdf>
Package pdftex.def Info: ./logos/Eng-Black-Gold-rgb.pdf  used on input line 188
.
(pdftex.def)             Requested size: 79.83698pt x 21.18323pt.

Overfull \hbox (303.97896pt too wide) has occurred while \output is active
[]|  [] |  $[]$[][] 
 []

[26

]
File: ./logos/Eng-Black-Gold-rgb.pdf Graphic file (type pdf)
<use ./logos/Eng-Black-Gold-rgb.pdf>
Package pdftex.def Info: ./logos/Eng-Black-Gold-rgb.pdf  used on input line 188
.
(pdftex.def)             Requested size: 79.83698pt x 21.18323pt.

Overfull \hbox (303.97896pt too wide) has occurred while \output is active
[]|  [] |  $[]$[][] 
 []

[27

]
File: ./logos/Eng-Black-Gold-rgb.pdf Graphic file (type pdf)
<use ./logos/Eng-Black-Gold-rgb.pdf>
Package pdftex.def Info: ./logos/Eng-Black-Gold-rgb.pdf  used on input line 188
.
(pdftex.def)             Requested size: 79.83698pt x 21.18323pt.

Overfull \hbox (303.97896pt too wide) has occurred while \output is active
[]|  [] |  $[]$[][] 
 []

[28

]
File: ./logos/Eng-Black-Gold-rgb.pdf Graphic file (type pdf)
<use ./logos/Eng-Black-Gold-rgb.pdf>
Package pdftex.def Info: ./logos/Eng-Black-Gold-rgb.pdf  used on input line 200
.
(pdftex.def)             Requested size: 79.83698pt x 21.18323pt.

Overfull \hbox (303.97896pt too wide) has occurred while \output is active
[]|  [] |  $[]$[][] 
 []

[29

]
File: ./logos/Eng-Black-Gold-rgb.pdf Graphic file (type pdf)
<use ./logos/Eng-Black-Gold-rgb.pdf>
Package pdftex.def Info: ./logos/Eng-Black-Gold-rgb.pdf  used on input line 200
.
(pdftex.def)             Requested size: 79.83698pt x 21.18323pt.

Overfull \hbox (303.97896pt too wide) has occurred while \output is active
[]|  [] |  $[]$[][] 
 []

[30

]
File: ./logos/Eng-Black-Gold-rgb.pdf Graphic file (type pdf)
<use ./logos/Eng-Black-Gold-rgb.pdf>
Package pdftex.def Info: ./logos/Eng-Black-Gold-rgb.pdf  used on input line 200
.
(pdftex.def)             Requested size: 79.83698pt x 21.18323pt.

Overfull \hbox (303.97896pt too wide) has occurred while \output is active
[]|  [] |  $[]$[][] 
 []

[31

]
<images//signature.png, id=196, 660.066pt x 373.395pt>
File: images//signature.png Graphic file (type png)
<use images//signature.png>
Package pdftex.def Info: images//signature.png  used on input line 212.
(pdftex.def)             Requested size: 264.02171pt x 149.35535pt.

Overfull \vbox (7.26831pt too high) detected at line 212
 []

File: ./logos/Eng-Black-Gold-rgb.pdf Graphic file (type pdf)
<use ./logos/Eng-Black-Gold-rgb.pdf>
Package pdftex.def Info: ./logos/Eng-Black-Gold-rgb.pdf  used on input line 212
.
(pdftex.def)             Requested size: 79.83698pt x 21.18323pt.

Overfull \hbox (303.97896pt too wide) has occurred while \output is active
[]|  [] |  $[]$[][] 
 []

[32

 <./images//signature.png>]
File: images//signature.png Graphic file (type png)
<use images//signature.png>
Package pdftex.def Info: images//signature.png  used on input line 212.
(pdftex.def)             Requested size: 264.02171pt x 149.35535pt.

Overfull \vbox (7.26831pt too high) detected at line 212
 []

File: ./logos/Eng-Black-Gold-rgb.pdf Graphic file (type pdf)
<use ./logos/Eng-Black-Gold-rgb.pdf>
Package pdftex.def Info: ./logos/Eng-Black-Gold-rgb.pdf  used on input line 212
.
(pdftex.def)             Requested size: 79.83698pt x 21.18323pt.

Overfull \hbox (303.97896pt too wide) has occurred while \output is active
[]|  [] |  $[]$[][] 
 []

[33

]
<images//bands.png, id=208, 609.7179pt x 367.25204pt>
File: images//bands.png Graphic file (type png)
<use images//bands.png>
Package pdftex.def Info: images//bands.png  used on input line 229.
(pdftex.def)             Requested size: 182.91678pt x 110.17645pt.

Overfull \vbox (28.62387pt too high) detected at line 229
 []

File: ./logos/Eng-Black-Gold-rgb.pdf Graphic file (type pdf)
<use ./logos/Eng-Black-Gold-rgb.pdf>
Package pdftex.def Info: ./logos/Eng-Black-Gold-rgb.pdf  used on input line 229
.
(pdftex.def)             Requested size: 79.83698pt x 21.18323pt.

Overfull \hbox (303.97896pt too wide) has occurred while \output is active
[]|  [] |  $[]$[][] 
 []

[34

 <./images//bands.png>]
File: images//bands.png Graphic file (type png)
<use images//bands.png>
Package pdftex.def Info: images//bands.png  used on input line 229.
(pdftex.def)             Requested size: 182.91678pt x 110.17645pt.

Overfull \vbox (28.62387pt too high) detected at line 229
 []

File: ./logos/Eng-Black-Gold-rgb.pdf Graphic file (type pdf)
<use ./logos/Eng-Black-Gold-rgb.pdf>
Package pdftex.def Info: ./logos/Eng-Black-Gold-rgb.pdf  used on input line 229
.
(pdftex.def)             Requested size: 79.83698pt x 21.18323pt.

Overfull \hbox (303.97896pt too wide) has occurred while \output is active
[]|  [] |  $[]$[][] 
 []

[35

]
File: images//bands.png Graphic file (type png)
<use images//bands.png>
Package pdftex.def Info: images//bands.png  used on input line 229.
(pdftex.def)             Requested size: 182.91678pt x 110.17645pt.

Overfull \vbox (28.62387pt too high) detected at line 229
 []

File: ./logos/Eng-Black-Gold-rgb.pdf Graphic file (type pdf)
<use ./logos/Eng-Black-Gold-rgb.pdf>
Package pdftex.def Info: ./logos/Eng-Black-Gold-rgb.pdf  used on input line 229
.
(pdftex.def)             Requested size: 79.83698pt x 21.18323pt.

Overfull \hbox (303.97896pt too wide) has occurred while \output is active
[]|  [] |  $[]$[][] 
 []

[36

]
File: images//bands.png Graphic file (type png)
<use images//bands.png>
Package pdftex.def Info: images//bands.png  used on input line 229.
(pdftex.def)             Requested size: 182.91678pt x 110.17645pt.

Overfull \vbox (28.62387pt too high) detected at line 229
 []

File: ./logos/Eng-Black-Gold-rgb.pdf Graphic file (type pdf)
<use ./logos/Eng-Black-Gold-rgb.pdf>
Package pdftex.def Info: ./logos/Eng-Black-Gold-rgb.pdf  used on input line 229
.
(pdftex.def)             Requested size: 79.83698pt x 21.18323pt.

Overfull \hbox (303.97896pt too wide) has occurred while \output is active
[]|  [] |  $[]$[][] 
 []

[37

]
File: images//bands.png Graphic file (type png)
<use images//bands.png>
Package pdftex.def Info: images//bands.png  used on input line 229.
(pdftex.def)             Requested size: 182.91678pt x 110.17645pt.

Overfull \vbox (28.62387pt too high) detected at line 229
 []

File: ./logos/Eng-Black-Gold-rgb.pdf Graphic file (type pdf)
<use ./logos/Eng-Black-Gold-rgb.pdf>
Package pdftex.def Info: ./logos/Eng-Black-Gold-rgb.pdf  used on input line 229
.
(pdftex.def)             Requested size: 79.83698pt x 21.18323pt.

Overfull \hbox (303.97896pt too wide) has occurred while \output is active
[]|  [] |  $[]$[][] 
 []

[38

]
<images//buckets.png, id=236, 509.14215pt x 436.39035pt>
File: images//buckets.png Graphic file (type png)
<use images//buckets.png>
Package pdftex.def Info: images//buckets.png  used on input line 245.
(pdftex.def)             Requested size: 227.62022pt x 142.26466pt.

Overfull \vbox (24.08305pt too high) detected at line 245
 []

File: ./logos/Eng-Black-Gold-rgb.pdf Graphic file (type pdf)
<use ./logos/Eng-Black-Gold-rgb.pdf>
Package pdftex.def Info: ./logos/Eng-Black-Gold-rgb.pdf  used on input line 245
.
(pdftex.def)             Requested size: 79.83698pt x 21.18323pt.

Overfull \hbox (303.97896pt too wide) has occurred while \output is active
[]|  [] |  $[]$[][] 
 []

[39

 <./images//buckets.png>]
File: images//buckets.png Graphic file (type png)
<use images//buckets.png>
Package pdftex.def Info: images//buckets.png  used on input line 245.
(pdftex.def)             Requested size: 227.62022pt x 142.26466pt.

Overfull \vbox (24.08305pt too high) detected at line 245
 []

File: ./logos/Eng-Black-Gold-rgb.pdf Graphic file (type pdf)
<use ./logos/Eng-Black-Gold-rgb.pdf>
Package pdftex.def Info: ./logos/Eng-Black-Gold-rgb.pdf  used on input line 245
.
(pdftex.def)             Requested size: 79.83698pt x 21.18323pt.

Overfull \hbox (303.97896pt too wide) has occurred while \output is active
[]|  [] |  $[]$[][] 
 []

[40

]
File: images//buckets.png Graphic file (type png)
<use images//buckets.png>
Package pdftex.def Info: images//buckets.png  used on input line 245.
(pdftex.def)             Requested size: 227.62022pt x 142.26466pt.

Overfull \vbox (24.08305pt too high) detected at line 245
 []

File: ./logos/Eng-Black-Gold-rgb.pdf Graphic file (type pdf)
<use ./logos/Eng-Black-Gold-rgb.pdf>
Package pdftex.def Info: ./logos/Eng-Black-Gold-rgb.pdf  used on input line 245
.
(pdftex.def)             Requested size: 79.83698pt x 21.18323pt.

Overfull \hbox (303.97896pt too wide) has occurred while \output is active
[]|  [] |  $[]$[][] 
 []

[41

]
File: images//buckets.png Graphic file (type png)
<use images//buckets.png>
Package pdftex.def Info: images//buckets.png  used on input line 245.
(pdftex.def)             Requested size: 227.62022pt x 142.26466pt.

Overfull \vbox (24.08305pt too high) detected at line 245
 []

File: ./logos/Eng-Black-Gold-rgb.pdf Graphic file (type pdf)
<use ./logos/Eng-Black-Gold-rgb.pdf>
Package pdftex.def Info: ./logos/Eng-Black-Gold-rgb.pdf  used on input line 245
.
(pdftex.def)             Requested size: 79.83698pt x 21.18323pt.

Overfull \hbox (303.97896pt too wide) has occurred while \output is active
[]|  [] |  $[]$[][] 
 []

[42

]
<images//img1.png, id=258, 451.56705pt x 332.80334pt>
File: images//img1.png Graphic file (type png)
<use images//img1.png>
Package pdftex.def Info: images//img1.png  used on input line 257.
(pdftex.def)             Requested size: 225.78297pt x 166.40126pt.

Overfull \vbox (30.69063pt too high) detected at line 257
 []

File: ./logos/Eng-Black-Gold-rgb.pdf Graphic file (type pdf)
<use ./logos/Eng-Black-Gold-rgb.pdf>
Package pdftex.def Info: ./logos/Eng-Black-Gold-rgb.pdf  used on input line 257
.
(pdftex.def)             Requested size: 79.83698pt x 21.18323pt.

Overfull \hbox (303.97896pt too wide) has occurred while \output is active
[]|  [] |  $[]$[][] 
 []

[43

 <./images//img1.png>]
<images//img2.png, id=266, 452.04884pt x 336.7782pt>
File: images//img2.png Graphic file (type png)
<use images//img2.png>
Package pdftex.def Info: images//img2.png  used on input line 269.
(pdftex.def)             Requested size: 226.02386pt x 168.38869pt.

Overfull \vbox (16.94891pt too high) detected at line 269
 []

File: ./logos/Eng-Black-Gold-rgb.pdf Graphic file (type pdf)
<use ./logos/Eng-Black-Gold-rgb.pdf>
Package pdftex.def Info: ./logos/Eng-Black-Gold-rgb.pdf  used on input line 269
.
(pdftex.def)             Requested size: 79.83698pt x 21.18323pt.

Overfull \hbox (303.97896pt too wide) has occurred while \output is active
[]|  [] |  $[]$[][] 
 []

[44

 <./images//img2.png>]
<images//img3.png, id=273, 635.85555pt x 337.62135pt>
File: images//img3.png Graphic file (type png)
<use images//img3.png>
Package pdftex.def Info: images//img3.png  used on input line 281.
(pdftex.def)             Requested size: 317.92699pt x 168.81026pt.

Overfull \vbox (17.37048pt too high) detected at line 281
 []

File: ./logos/Eng-Black-Gold-rgb.pdf Graphic file (type pdf)
<use ./logos/Eng-Black-Gold-rgb.pdf>
Package pdftex.def Info: ./logos/Eng-Black-Gold-rgb.pdf  used on input line 281
.
(pdftex.def)             Requested size: 79.83698pt x 21.18323pt.

Overfull \hbox (303.97896pt too wide) has occurred while \output is active
[]|  [] |  $[]$[][] 
 []

[45

 <./images//img3.png>]
LaTeX Font Info:    Calculating math sizes for size <8.76003> on input line 312
.
LaTeX Font Info:    External font `lmex10' loaded for size
(Font)              <8.76003> on input line 312.
LaTeX Font Info:    External font `lmex10' loaded for size
(Font)              <6.13199> on input line 312.
LaTeX Font Info:    External font `lmex10' loaded for size
(Font)              <4.38> on input line 312.


LaTeX Font Warning: Font shape `U/lasy/m/n' in size <4.38> not available
(Font)              size <5> substituted on input line 312.


LaTeX Font Warning: Font shape `U/rsfs/m/n' in size <4.38> not available
(Font)              size <5> substituted on input line 312.

LaTeX Font Info:    Font shape `U/lasy/b/n' in size <8.76003> not available
(Font)              Font shape `U/lasy/m/n' tried instead on input line 312.
LaTeX Font Info:    Font shape `U/lasy/b/n' in size <6.13199> not available
(Font)              Font shape `U/lasy/m/n' tried instead on input line 312.
LaTeX Font Info:    Font shape `U/lasy/b/n' in size <4.38> not available
(Font)              Font shape `U/lasy/m/n' tried instead on input line 312.

LaTeX Font Warning: Font shape `U/lasy/m/n' in size <4.38> not available
(Font)              size <5> substituted on input line 312.


Overfull \vbox (24.78043pt too high) detected at line 312
 []

File: ./logos/Eng-Black-Gold-rgb.pdf Graphic file (type pdf)
<use ./logos/Eng-Black-Gold-rgb.pdf>
Package pdftex.def Info: ./logos/Eng-Black-Gold-rgb.pdf  used on input line 312
.
(pdftex.def)             Requested size: 79.83698pt x 21.18323pt.

Overfull \hbox (303.97896pt too wide) has occurred while \output is active
[]|  [] |  $[]$[][] 
 []

[46

]
Overfull \vbox (24.78043pt too high) detected at line 312
 []

File: ./logos/Eng-Black-Gold-rgb.pdf Graphic file (type pdf)
<use ./logos/Eng-Black-Gold-rgb.pdf>
Package pdftex.def Info: ./logos/Eng-Black-Gold-rgb.pdf  used on input line 312
.
(pdftex.def)             Requested size: 79.83698pt x 21.18323pt.

Overfull \hbox (303.97896pt too wide) has occurred while \output is active
[]|  [] |  $[]$[][] 
 []

[47

]
Overfull \vbox (24.78043pt too high) detected at line 312
 []

File: ./logos/Eng-Black-Gold-rgb.pdf Graphic file (type pdf)
<use ./logos/Eng-Black-Gold-rgb.pdf>
Package pdftex.def Info: ./logos/Eng-Black-Gold-rgb.pdf  used on input line 312
.
(pdftex.def)             Requested size: 79.83698pt x 21.18323pt.

Overfull \hbox (303.97896pt too wide) has occurred while \output is active
[]|  [] |  $[]$[][] 
 []

[48

]
Overfull \vbox (24.78043pt too high) detected at line 312
 []

File: ./logos/Eng-Black-Gold-rgb.pdf Graphic file (type pdf)
<use ./logos/Eng-Black-Gold-rgb.pdf>
Package pdftex.def Info: ./logos/Eng-Black-Gold-rgb.pdf  used on input line 312
.
(pdftex.def)             Requested size: 79.83698pt x 21.18323pt.

Overfull \hbox (303.97896pt too wide) has occurred while \output is active
[]|  [] |  $[]$[][] 
 []

[49

]
Overfull \vbox (24.78043pt too high) detected at line 312
 []

File: ./logos/Eng-Black-Gold-rgb.pdf Graphic file (type pdf)
<use ./logos/Eng-Black-Gold-rgb.pdf>
Package pdftex.def Info: ./logos/Eng-Black-Gold-rgb.pdf  used on input line 312
.
(pdftex.def)             Requested size: 79.83698pt x 21.18323pt.

Overfull \hbox (303.97896pt too wide) has occurred while \output is active
[]|  [] |  $[]$[][] 
 []

[50

]
LaTeX Font Info:    Calculating math sizes for size <9.85492> on input line 346
.
LaTeX Font Info:    External font `lmex10' loaded for size
(Font)              <9.85492> on input line 346.
LaTeX Font Info:    External font `lmex10' loaded for size
(Font)              <6.8984> on input line 346.
LaTeX Font Info:    External font `lmex10' loaded for size
(Font)              <4.92746> on input line 346.
LaTeX Font Info:    Font shape `U/lasy/b/n' in size <9.85492> not available
(Font)              Font shape `U/lasy/m/n' tried instead on input line 346.
LaTeX Font Info:    Font shape `U/lasy/b/n' in size <6.8984> not available
(Font)              Font shape `U/lasy/m/n' tried instead on input line 346.
LaTeX Font Info:    Font shape `U/lasy/b/n' in size <4.92746> not available
(Font)              Font shape `U/lasy/m/n' tried instead on input line 346.

Overfull \vbox (23.4366pt too high) detected at line 346
 []

File: ./logos/Eng-Black-Gold-rgb.pdf Graphic file (type pdf)
<use ./logos/Eng-Black-Gold-rgb.pdf>
Package pdftex.def Info: ./logos/Eng-Black-Gold-rgb.pdf  used on input line 346
.
(pdftex.def)             Requested size: 79.83698pt x 21.18323pt.

Overfull \hbox (303.97896pt too wide) has occurred while \output is active
[]|  [] |  $[]$[][] 
 []

[51

]
Overfull \vbox (23.4366pt too high) detected at line 346
 []

File: ./logos/Eng-Black-Gold-rgb.pdf Graphic file (type pdf)
<use ./logos/Eng-Black-Gold-rgb.pdf>
Package pdftex.def Info: ./logos/Eng-Black-Gold-rgb.pdf  used on input line 346
.
(pdftex.def)             Requested size: 79.83698pt x 21.18323pt.

Overfull \hbox (303.97896pt too wide) has occurred while \output is active
[]|  [] |  $[]$[][] 
 []

[52

]
Overfull \vbox (23.4366pt too high) detected at line 346
 []

File: ./logos/Eng-Black-Gold-rgb.pdf Graphic file (type pdf)
<use ./logos/Eng-Black-Gold-rgb.pdf>
Package pdftex.def Info: ./logos/Eng-Black-Gold-rgb.pdf  used on input line 346
.
(pdftex.def)             Requested size: 79.83698pt x 21.18323pt.

Overfull \hbox (303.97896pt too wide) has occurred while \output is active
[]|  [] |  $[]$[][] 
 []

[53

]
Overfull \vbox (23.4366pt too high) detected at line 346
 []

File: ./logos/Eng-Black-Gold-rgb.pdf Graphic file (type pdf)
<use ./logos/Eng-Black-Gold-rgb.pdf>
Package pdftex.def Info: ./logos/Eng-Black-Gold-rgb.pdf  used on input line 346
.
(pdftex.def)             Requested size: 79.83698pt x 21.18323pt.

Overfull \hbox (303.97896pt too wide) has occurred while \output is active
[]|  [] |  $[]$[][] 
 []

[54

]
Overfull \vbox (23.4366pt too high) detected at line 346
 []

File: ./logos/Eng-Black-Gold-rgb.pdf Graphic file (type pdf)
<use ./logos/Eng-Black-Gold-rgb.pdf>
Package pdftex.def Info: ./logos/Eng-Black-Gold-rgb.pdf  used on input line 346
.
(pdftex.def)             Requested size: 79.83698pt x 21.18323pt.

Overfull \hbox (303.97896pt too wide) has occurred while \output is active
[]|  [] |  $[]$[][] 
 []

[55

]
Overfull \vbox (23.4366pt too high) detected at line 346
 []

File: ./logos/Eng-Black-Gold-rgb.pdf Graphic file (type pdf)
<use ./logos/Eng-Black-Gold-rgb.pdf>
Package pdftex.def Info: ./logos/Eng-Black-Gold-rgb.pdf  used on input line 346
.
(pdftex.def)             Requested size: 79.83698pt x 21.18323pt.

Overfull \hbox (303.97896pt too wide) has occurred while \output is active
[]|  [] |  $[]$[][] 
 []

[56

]pdfTeX warning (ext4): destination with the same identifier (name{table2}) has
 been already used, duplicate ignored
<to be read again> 
                   \relax 
l.386 \end{frame}
                 
Overfull \vbox (23.81378pt too high) detected at line 386
 []

File: ./logos/Eng-Black-Gold-rgb.pdf Graphic file (type pdf)
<use ./logos/Eng-Black-Gold-rgb.pdf>
Package pdftex.def Info: ./logos/Eng-Black-Gold-rgb.pdf  used on input line 386
.
(pdftex.def)             Requested size: 79.83698pt x 21.18323pt.

Overfull \hbox (303.97896pt too wide) has occurred while \output is active
[]|  [] |  $[]$[][] 
 []

[57

]
Overfull \vbox (23.81378pt too high) detected at line 386
 []

File: ./logos/Eng-Black-Gold-rgb.pdf Graphic file (type pdf)
<use ./logos/Eng-Black-Gold-rgb.pdf>
Package pdftex.def Info: ./logos/Eng-Black-Gold-rgb.pdf  used on input line 386
.
(pdftex.def)             Requested size: 79.83698pt x 21.18323pt.

Overfull \hbox (303.97896pt too wide) has occurred while \output is active
[]|  [] |  $[]$[][] 
 []

[58

]
Overfull \vbox (23.81378pt too high) detected at line 386
 []

File: ./logos/Eng-Black-Gold-rgb.pdf Graphic file (type pdf)
<use ./logos/Eng-Black-Gold-rgb.pdf>
Package pdftex.def Info: ./logos/Eng-Black-Gold-rgb.pdf  used on input line 386
.
(pdftex.def)             Requested size: 79.83698pt x 21.18323pt.

Overfull \hbox (303.97896pt too wide) has occurred while \output is active
[]|  [] |  $[]$[][] 
 []

[59

]
File: ./logos/Eng-Black-Gold-rgb.pdf Graphic file (type pdf)
<use ./logos/Eng-Black-Gold-rgb.pdf>
Package pdftex.def Info: ./logos/Eng-Black-Gold-rgb.pdf  used on input line 405
.
(pdftex.def)             Requested size: 79.83698pt x 21.18323pt.

Overfull \hbox (303.97896pt too wide) has occurred while \output is active
[]|  [] |  $[]$[][] 
 []

[60

 <C:/latex/tex/latex/beamer/beamericonarticle.pdf>]
File: ./logos/Eng-Black-Gold-rgb.pdf Graphic file (type pdf)
<use ./logos/Eng-Black-Gold-rgb.pdf>
Package pdftex.def Info: ./logos/Eng-Black-Gold-rgb.pdf  used on input line 413
.
(pdftex.def)             Requested size: 79.83698pt x 21.18323pt.

Overfull \hbox (303.97896pt too wide) has occurred while \output is active
[]|  [] |  $[]$[][] 
 []

[61

]
\tf@nav=\write6
\openout6 = `presentation.nav'.

\tf@toc=\write7
\openout7 = `presentation.toc'.

\tf@snm=\write8
\openout8 = `presentation.snm'.

Package atveryend Info: Empty hook `BeforeClearDocument' on input line 419.
Package atveryend Info: Empty hook `AfterLastShipout' on input line 419.
 (presentation.aux)
Package atveryend Info: Executing hook `AtVeryEndDocument' on input line 419.
Package atveryend Info: Executing hook `AtEndAfterFileList' on input line 419.
Package rerunfilecheck Info: File `presentation.out' has not changed.
(rerunfilecheck)             Checksum: D41D8CD98F00B204E9800998ECF8427E;0.


LaTeX Font Warning: Size substitutions with differences
(Font)              up to 0.62pt have occurred.


LaTeX Warning: There were multiply-defined labels.

 ) 
Here is how much of TeX's memory you used:
 32129 strings out of 492895
 607114 string characters out of 3142327
 807335 words of memory out of 3000000
 35308 multiletter control sequences out of 15000+200000
 681563 words of font info for 156 fonts, out of 3000000 for 9000
 1141 hyphenation exceptions out of 8191
 56i,17n,70p,800b,633s stack positions out of 5000i,500n,10000p,200000b,50000s
{C:/latex/fonts/enc/dvips/lm/lm-ec.enc}{C:/latex/fonts/enc/dvips/base/8r.enc}
{C:/latex/fonts/enc/dvips/lm/lm-mathsy.enc}{C:/latex/fonts/enc/dvips/lm/lm-rm.e
nc}{C:/latex/fonts/enc/dvips/lm/lm-mathit.enc}<C:/latex/fonts/type1/public/lm/l
mbsy10.pfb><C:/latex/fonts/type1/public/lm/lmbx10.pfb><C:/latex/fonts/type1/pub
lic/lm/lmbx6.pfb><C:/latex/fonts/type1/public/lm/lmbx9.pfb><C:/latex/fonts/type
1/public/lm/lmmi10.pfb><C:/latex/fonts/type1/public/lm/lmmib10.pfb><C:/latex/fo
nts/type1/public/lm/lmr10.pfb><C:/latex/fonts/type1/public/lm/lmr17.pfb><C:/lat
ex/fonts/type1/public/lm/lmr6.pfb><C:/latex/fonts/type1/public/lm/lmr9.pfb><C:/
latex/fonts/type1/public/lm/lmsy10.pfb><C:/latex/fonts/type1/public/amsfonts/sy
mbols/msam10.pfb><C:/latex/fonts/type1/urw/arial/ua1b8a.pfb><C:/latex/fonts/typ
e1/urw/arial/ua1r8a.pfb>
Output written on presentation.pdf (61 pages, 2897073 bytes).
PDF statistics:
 458 PDF objects out of 1000 (max. 8388607)
 126 named destinations out of 1000 (max. 500000)
 83 words of extra memory for PDF output out of 10000 (max. 10000000)

